wilder@wilder-ThinkPad-T440p:~/quetes/GitQuetes/esprizza/EspriZza$ git pull
Warning: Permanently added the RSA host key for IP address '140.82.118.4' to the list of known hosts.
remote: Enumerating objects: 8, done.
remote: Counting objects: 100% (8/8), done.
remote: Compressing objects: 100% (2/2), done.
remote: Total 6 (delta 0), reused 0 (delta 0), pack-reused 0
Unpacking objects: 100% (6/6), done.
From github.com:TimoArdi/EspriZza
   e7fcf1a..4c7eafe  master     -> origin/master
Updating e7fcf1a..4c7eafe
error: Your local changes to the following files would be overwritten by merge:
	README.txt
Please commit your changes or stash them before you merge.
Aborting
wilder@wilder-ThinkPad-T440p:~/quetes/GitQuetes/esprizza/EspriZza$ ls
README.txt
wilder@wilder-ThinkPad-T440p:~/quetes/GitQuetes/esprizza/EspriZza$ nano README.txt 
wilder@wilder-ThinkPad-T440p:~/quetes/GitQuetes/esprizza/EspriZza$ git add README.txt 
wilder@wilder-ThinkPad-T440p:~/quetes/GitQuetes/esprizza/EspriZza$ git commit -m"ajout LOCAL"
[master 47fa08c] ajout LOCAL
 1 file changed, 1 insertion(+)
wilder@wilder-ThinkPad-T440p:~/quetes/GitQuetes/esprizza/EspriZza$ git status
On branch master
Your branch and 'origin/master' have diverged,
and have 1 and 2 different commits each, respectively.
  (use "git pull" to merge the remote branch into yours)

nothing to commit, working tree clean
wilder@wilder-ThinkPad-T440p:~/quetes/GitQuetes/esprizza/EspriZza$ git pull
Auto-merging README.txt
CONFLICT (content): Merge conflict in README.txt
Automatic merge failed; fix conflicts and then commit the result.
wilder@wilder-ThinkPad-T440p:~/quetes/GitQuetes/esprizza/EspriZza$ nano README.txt 
wilder@wilder-ThinkPad-T440p:~/quetes/GitQuetes/esprizza/EspriZza$ git pull
error: Pulling is not possible because you have unmerged files.
hint: Fix them up in the work tree, and then use 'git add/rm <file>'
hint: as appropriate to mark resolution and make a commit.
fatal: Exiting because of an unresolved conflict.
wilder@wilder-ThinkPad-T440p:~/quetes/GitQuetes/esprizza/EspriZza$ git add README.txt 
wilder@wilder-ThinkPad-T440p:~/quetes/GitQuetes/esprizza/EspriZza$ git commit -m "Conflit regler"
[master a39c491] Conflit regler
wilder@wilder-ThinkPad-T440p:~/quetes/GitQuetes/esprizza/EspriZza$ git status
On branch master
Your branch is ahead of 'origin/master' by 2 commits.
  (use "git push" to publish your local commits)

nothing to commit, working tree clean
wilder@wilder-ThinkPad-T440p:~/quetes/GitQuetes/esprizza/EspriZza$ git pull
Already up to date.
wilder@wilder-ThinkPad-T440p:~/quetes/GitQuetes/esprizza/EspriZza$ git push origin master
Counting objects: 4, done.
Delta compression using up to 4 threads.
Compressing objects: 100% (2/2), done.
Writing objects: 100% (4/4), 384 bytes | 384.00 KiB/s, done.
Total 4 (delta 1), reused 0 (delta 0)
remote: Resolving deltas: 100% (1/1), done.
To github.com:TimoArdi/EspriZza.git
   4c7eafe..a39c491  master -> master
wilder@wilder-ThinkPad-T440p:~/quetes/GitQuetes/esprizza/EspriZza$ 
